---
source: src/binary/module.rs
expression: module
---
Module {
    magic: "\0asm",
    version: 1,
    custom_section: Some(
        Custom {
            name: "name",
            data: [
                1,
                14,
                2,
                0,
                5,
                100,
                117,
                109,
                109,
                121,
                1,
                4,
                109,
                97,
                105,
                110,
            ],
        },
    ),
    memory_section: None,
    type_section: Some(
        [
            FuncType {
                params: [],
                results: [],
            },
        ],
    ),
    function_section: Some(
        [
            0,
            0,
        ],
    ),
    import_section: None,
    export_section: None,
    data_section: None,
    code_section: Some(
        [
            Function {
                locals: [],
                code: [
                    End,
                ],
            },
            Function {
                locals: [],
                code: [
                    Call(
                        0,
                    ),
                    End,
                ],
            },
        ],
    ),
}
